# __generated__ by OpenTF
# Please review these resources and move them into your main configuration files.

# __generated__ by OpenTF from "bar"
resource "test_instance" "foo" {
  ami = null
}
